C:\Users\omar.sirai\Desktop\resolveproject\projectzaoui\axamatcher\src\main\java\axa\ma\axamatcher\repository\AxaEntrepriseRepository.java
C:\Users\omar.sirai\Desktop\resolveproject\projectzaoui\axamatcher\src\main\java\axa\ma\axamatcher\job\OmpicEntrepriseLoaderJob.java
C:\Users\omar.sirai\Desktop\resolveproject\projectzaoui\axamatcher\src\main\java\axa\ma\axamatcher\entity\Matcher.java
C:\Users\omar.sirai\Desktop\resolveproject\projectzaoui\axamatcher\src\main\java\axa\ma\axamatcher\service\MatchFinder.java
C:\Users\omar.sirai\Desktop\resolveproject\projectzaoui\axamatcher\src\main\java\axa\ma\axamatcher\service\Similarity.java
C:\Users\omar.sirai\Desktop\resolveproject\projectzaoui\axamatcher\src\main\java\axa\ma\axamatcher\AxamatcherApplication.java
C:\Users\omar.sirai\Desktop\resolveproject\projectzaoui\axamatcher\src\main\java\axa\ma\axamatcher\entity\AxaEntreprise.java
C:\Users\omar.sirai\Desktop\resolveproject\projectzaoui\axamatcher\src\main\java\axa\ma\axamatcher\repository\MatcherRepository.java
C:\Users\omar.sirai\Desktop\resolveproject\projectzaoui\axamatcher\src\main\java\axa\ma\axamatcher\job\MatcherJob.java
C:\Users\omar.sirai\Desktop\resolveproject\projectzaoui\axamatcher\src\main\java\axa\ma\axamatcher\service\Sanitizer.java
C:\Users\omar.sirai\Desktop\resolveproject\projectzaoui\axamatcher\src\main\java\axa\ma\axamatcher\job\AxaEntrepriseLoaderJob.java
C:\Users\omar.sirai\Desktop\resolveproject\projectzaoui\axamatcher\src\main\java\axa\ma\axamatcher\entity\OmpicEntreprise.java
C:\Users\omar.sirai\Desktop\resolveproject\projectzaoui\axamatcher\src\main\java\axa\ma\axamatcher\repository\OmpicEntrepriseRepository.java
